2026-05-13 23:16:56 | ERROR    | MainThread | delfos.scripts.data_ingestion | Unexpected error in main pipeline: [Errno 2] No such file or directory: 'data_ingestion/categories_tags.json'
Traceback (most recent call last):
  File "/opt/airflow/scripts/data_ingestion.py", line 33, in main
    market_mapping, collected_events = obtain_event_data(
                                       ^^^^^^^^^^^^^^^^^^
  File "/opt/airflow/scripts/markets.py", line 227, in obtain_event_data
    create_tag_file(http_session, category_tag)
  File "/opt/airflow/scripts/markets.py", line 204, in create_tag_file
    with open(TAGS_FILE, "w", encoding="utf-8") as f:
         ^^^^^^^^^^^^^^^^^^^^^^^^^^^^^^^^^^^^^^
FileNotFoundError: [Errno 2] No such file or directory: 'data_ingestion/categories_tags.json'
2026-05-13 23:20:41 | ERROR    | MainThread | delfos.scripts.data_ingestion | Unexpected error in main pipeline: [Errno 2] No such file or directory: 'data_ingestion/unique_wallets_list.json'
Traceback (most recent call last):
  File "/opt/airflow/scripts/data_ingestion.py", line 55, in main
    wallet_data = run_top_wallets_ingestion(http_session, all_market_ids)
                  ^^^^^^^^^^^^^^^^^^^^^^^^^^^^^^^^^^^^^^^^^^^^^^^^^^^^^^^
  File "/opt/airflow/scripts/top_wallets_processor.py", line 119, in run_top_wallets_ingestion
    return extract_unique_wallets(all_wallets)
           ^^^^^^^^^^^^^^^^^^^^^^^^^^^^^^^^^^^
  File "/opt/airflow/scripts/top_wallets_processor.py", line 142, in extract_unique_wallets
    with open(unique_file_name, "w", encoding="utf-8") as f:
         ^^^^^^^^^^^^^^^^^^^^^^^^^^^^^^^^^^^^^^^^^^^^^
FileNotFoundError: [Errno 2] No such file or directory: 'data_ingestion/unique_wallets_list.json'
2026-05-13 23:58:08 | ERROR    | ThreadPoolExecutor-0_6 | delfos.scripts.wallet_analyzer | Connection error fetching history for 0xe5f0ae9cc9aef77ae3c2a64c9e69caa3f335dc1d: HTTPSConnectionPool(host='data-api.polymarket.com', port=443): Read timed out.. Retrying in 1.04s...
2026-05-13 23:58:14 | ERROR    | ThreadPoolExecutor-0_6 | delfos.scripts.wallet_analyzer | Connection error fetching history for 0xe5f0ae9cc9aef77ae3c2a64c9e69caa3f335dc1d: HTTPSConnectionPool(host='data-api.polymarket.com', port=443): Max retries exceeded with url: /closed-positions?user=0xe5f0ae9cc9aef77ae3c2a64c9e69caa3f335dc1d&limit=50&offset=0&sortBy=TIMESTAMP&sortDirection=DESC (Caused by NameResolutionError("<urllib3.connection.HTTPSConnection object at 0x70a3506ab830>: Failed to resolve 'data-api.polymarket.com' (Name or service not known: data-api.polymarket.com using 1 resolver(s))")). Retrying in 2.50s...
2026-05-13 23:58:14 | ERROR    | ThreadPoolExecutor-0_17 | delfos.scripts.wallet_analyzer | Connection error fetching history for 0xb8b44e3cc9e0962982e3c8bf444b6a7411f51f6e: HTTPSConnectionPool(host='data-api.polymarket.com', port=443): Read timed out. (read timeout=10). Retrying in 1.56s...
2026-05-13 23:58:15 | ERROR    | ThreadPoolExecutor-0_15 | delfos.scripts.wallet_analyzer | Connection error fetching history for 0x67041592a7806567d16d5b8c3d3d885d974eeb81: HTTPSConnectionPool(host='data-api.polymarket.com', port=443): Read timed out. (read timeout=10). Retrying in 1.17s...
2026-05-13 23:58:15 | ERROR    | ThreadPoolExecutor-0_18 | delfos.scripts.wallet_analyzer | Connection error fetching history for 0x3573c1bc6a964abe582a0bfa5cc269abfae7f375: HTTPSConnectionPool(host='data-api.polymarket.com', port=443): Read timed out. (read timeout=10). Retrying in 1.00s...
2026-05-13 23:58:15 | ERROR    | ThreadPoolExecutor-0_3 | delfos.scripts.wallet_analyzer | Connection error fetching history for 0x0ee43574468bbffe8b1cca1c5236ef712452276f: HTTPSConnectionPool(host='data-api.polymarket.com', port=443): Read timed out. (read timeout=10). Retrying in 1.80s...
2026-05-13 23:58:15 | ERROR    | ThreadPoolExecutor-0_4 | delfos.scripts.wallet_analyzer | Connection error fetching history for 0xfcf949c3ce52daa64e4d6aeac44b02a215d0f6ea: HTTPSConnectionPool(host='data-api.polymarket.com', port=443): Read timed out. (read timeout=10). Retrying in 1.70s...
2026-05-13 23:58:15 | ERROR    | ThreadPoolExecutor-0_13 | delfos.scripts.wallet_analyzer | Connection error fetching history for 0xfdf55395172a97739a347276a188bf085d6a2d80: HTTPSConnectionPool(host='data-api.polymarket.com', port=443): Read timed out. (read timeout=10). Retrying in 1.45s...
2026-05-13 23:58:16 | ERROR    | ThreadPoolExecutor-0_2 | delfos.scripts.wallet_analyzer | Connection error fetching history for 0xea2f794a7f0ce05e4bbd357b3ccbb3bd2048a8ef: HTTPSConnectionPool(host='data-api.polymarket.com', port=443): Read timed out. (read timeout=10). Retrying in 1.44s...
2026-05-13 23:58:16 | ERROR    | ThreadPoolExecutor-0_16 | delfos.scripts.wallet_analyzer | Connection error fetching history for 0x3c69336f4e2021dec67d06d90e7ac38337404622: HTTPSConnectionPool(host='data-api.polymarket.com', port=443): Read timed out. (read timeout=10). Retrying in 1.44s...
2026-05-13 23:58:16 | ERROR    | ThreadPoolExecutor-0_1 | delfos.scripts.wallet_analyzer | Connection error fetching history for 0xd0229fa99565267cab769fca96ee00c7c6ac76b9: HTTPSConnectionPool(host='data-api.polymarket.com', port=443): Read timed out. (read timeout=10). Retrying in 1.01s...
2026-05-13 23:58:16 | ERROR    | ThreadPoolExecutor-0_10 | delfos.scripts.wallet_analyzer | Connection error fetching history for 0xc72b7db4ba3cc69620933c00eb21dc5ad79e3756: HTTPSConnectionPool(host='data-api.polymarket.com', port=443): Read timed out. (read timeout=10). Retrying in 1.18s...
2026-05-13 23:58:17 | ERROR    | ThreadPoolExecutor-0_9 | delfos.scripts.wallet_analyzer | Connection error fetching history for 0x18f9e600838500cda92ff988a5e79b80e7dca0f1: HTTPSConnectionPool(host='data-api.polymarket.com', port=443): Read timed out. (read timeout=10). Retrying in 1.82s...
